// Jest Snapshot v1, https://goo.gl/fbAQLP

exports[`HeaderMenu in desktop view renders the header menu (with experimental features) 1`] = `
.c29 {
  font-size: 1.0625rem;
  line-height: 1.5rem;
  -webkit-letter-spacing: 0.01875rem;
  -moz-letter-spacing: 0.01875rem;
  -ms-letter-spacing: 0.01875rem;
  letter-spacing: 0.01875rem;
  font-weight: 600;
  color: inherit;
  white-space: break-spaces;
}

.c12 {
  font-size: 0.6875rem;
  line-height: 1rem;
  -webkit-letter-spacing: 0.0125rem;
  -moz-letter-spacing: 0.0125rem;
  -ms-letter-spacing: 0.0125rem;
  letter-spacing: 0.0125rem;
  font-weight: 600;
  color: #380c57;
  white-space: break-spaces;
  color: #6c00bf;
  border: 1px solid #6c00bf;
  height: 40px;
  border-radius: 6px;
  min-width: 80px;
  text-transform: none;
  white-space: nowrap;
  padding: 12px 16px;
}

.c12.Mui-disabled {
  color: #6c00bf;
  border: 1px solid #6c00bf;
  opacity: 0.2;
}

.c12 .MuiButton-iconSizeMedium *:first-child {
  font-size: 0.875rem;
}

.c14 {
  font-size: 0.6875rem;
  line-height: 1rem;
  -webkit-letter-spacing: 0.0125rem;
  -moz-letter-spacing: 0.0125rem;
  -ms-letter-spacing: 0.0125rem;
  letter-spacing: 0.0125rem;
  font-weight: 600;
  color: #380c57;
  white-space: break-spaces;
  background-image: linear-gradient(241deg,#6a29ff,#5206a9);
  color: #fff;
  height: 40px;
  border-radius: 6px;
  min-width: 80px;
  text-transform: none;
  white-space: break-spaces;
  padding: 12px 16px;
}

.c14.Mui-disabled {
  background-image: linear-gradient(241deg,#6a29ff,#5206a9);
  color: #fff;
  opacity: 0.2;
}

.c14 .MuiButton-iconSizeMedium *:first-child {
  font-size: 0.875rem;
}

.c18 {
  font-size: 0.6875rem;
  line-height: 1rem;
  -webkit-letter-spacing: 0.0125rem;
  -moz-letter-spacing: 0.0125rem;
  -ms-letter-spacing: 0.0125rem;
  letter-spacing: 0.0125rem;
  font-weight: 600;
  color: #380c57;
  white-space: break-spaces;
  color: #6c00bf;
  height: 40px;
  border-radius: 6px;
  min-width: 40px;
  width: 40px;
  text-transform: none;
  white-space: break-spaces;
  padding: 8px;
}

.c18.Mui-disabled {
  color: #6c00bf;
  opacity: 0.2;
}

.c18 .MuiButton-iconSizeMedium *:first-child {
  font-size: 0.875rem;
}

.c17 {
  background-color: #eeedfc;
  width: 3px;
  height: 100%;
  border-radius: 1.5px;
}

.c25.MuiSwitch-root {
  width: 3.4375rem;
  height: 1.5625rem;
  position: relative;
  color: #fff;
  font-weight: bold;
  font-size: 0.75rem;
  padding: 0;
}

.c25 .MuiSwitch-switchBase.Mui-checked + .MuiSwitch-track {
  opacity: 1;
}

.c25 .MuiSwitch-switchBase {
  padding: 0.3125rem;
}

.c25 .MuiSwitch-track {
  opacity: 1;
  background-color: #fff;
  border: 2px solid #aeaabf;
  border-radius: 6.25rem;
}

.c25 .MuiSwitch-track:before,
.c25 .MuiSwitch-track:after {
  display: inline-block;
  position: absolute;
  top: 50%;
  width: 50%;
  text-align: center;
  -webkit-transform: translateY(-50%);
  -ms-transform: translateY(-50%);
  transform: translateY(-50%);
}

.c25 .MuiSwitch-track:before {
  content: 'ON';
  opacity: 0;
  left: 0.375rem;
}

.c25 .MuiSwitch-track:after {
  content: 'OFF';
  right: 0.3125rem;
  opacity: 1;
  color: #393840;
}

.c25 .MuiSwitch-thumb {
  box-shadow: none;
  background-color: #aeaabf;
  width: 0.9375rem;
  height: 0.9375rem;
}

.c25 .Mui-checked {
  color: #fff;
}

.c25 .Mui-checked .MuiSwitch-thumb {
  background-color: #fff;
}

.c25 .Mui-checked.MuiSwitch-switchBase {
  -webkit-transform: translateX(30px);
  -ms-transform: translateX(30px);
  transform: translateX(30px);
}

.c25 .Mui-checked + .MuiSwitch-track {
  border: 0;
}

.c25 .Mui-checked + .MuiSwitch-track:before {
  opacity: 1;
}

.c25 .Mui-checked + .MuiSwitch-track:after {
  opacity: 0;
}

.c2 {
  font-size: 0.8125rem;
  line-height: 1rem;
  -webkit-letter-spacing: 0.0125rem;
  -moz-letter-spacing: 0.0125rem;
  -ms-letter-spacing: 0.0125rem;
  letter-spacing: 0.0125rem;
  font-weight: 600;
  color: #6c00bf;
  white-space: break-spaces;
}

.c23 {
  font-size: 0.8125rem;
  line-height: 1rem;
  -webkit-letter-spacing: 0.0125rem;
  -moz-letter-spacing: 0.0125rem;
  -ms-letter-spacing: 0.0125rem;
  letter-spacing: 0.0125rem;
  font-weight: 600;
  color: #fff;
  white-space: break-spaces;
}

.c11 {
  display: inline-block;
}

.c7 {
  color: #6a6775;
  background-color: unset;
  width: unset;
  height: unset;
  padding: 40px 20px 31px 20px;
  margin-right: unset;
  border-radius: 0;
  -webkit-text-decoration: none;
  text-decoration: none;
  font-family: Montserrat,Roboto;
  display: inline-block;
  color: #4a0082;
  -webkit-text-decoration: none;
  text-decoration: none;
  border-left: unset;
  border-bottom: 2.7px solid #6c00bf;
  cursor: pointer;
  padding: 40px 20px 28.7px 20px;
}

.c7:hover {
  color: #4a0082;
  -webkit-text-decoration: none;
  text-decoration: none;
  border-left: unset;
  border-bottom: 2.7px solid #6c00bf;
  cursor: pointer;
  padding: 40px 20px 28.7px 20px;
}

.c10 {
  color: #6a6775;
  background-color: unset;
  width: unset;
  height: unset;
  padding: 40px 20px 31px 20px;
  margin-right: unset;
  border-radius: 0;
  -webkit-text-decoration: none;
  text-decoration: none;
  font-family: Montserrat,Roboto;
  display: inline-block;
}

.c10:hover {
  color: #4a0082;
  -webkit-text-decoration: none;
  text-decoration: none;
  border-left: unset;
  border-bottom: 2.7px solid #6c00bf;
  cursor: pointer;
  padding: 40px 20px 28.7px 20px;
}

.c5 {
  width: -webkit-fit-content;
  width: -moz-fit-content;
  width: fit-content;
  display: -webkit-box;
  display: -webkit-flex;
  display: -ms-flexbox;
  display: flex;
  -webkit-align-items: center;
  -webkit-box-align: center;
  -ms-flex-align: center;
  align-items: center;
}

.c9 {
  margin-top: 10px;
  margin-left: -14px;
  -webkit-transform: rotate(0);
  -ms-transform: rotate(0);
  transform: rotate(0);
  color: #6c00bf;
  margin-right: 13px;
}

.c6 {
  padding: 0 0;
}

.c6:hover {
  background-color: transparent;
}

.c8 {
  padding-right: 20px;
  padding-top: 40px;
}

.c8:hover {
  margin-right: 0;
  padding-bottom: 28.7px;
}

.c19 .MuiToolbar-root {
  border-top: 2px solid [object Object];
}

.c13 {
  padding-right: 24px;
  -webkit-flex-basis: unset;
  -ms-flex-preferred-size: unset;
  flex-basis: unset;
}

.c13 .MuiGrid-spacing-xs-2 > .MuiGrid-item {
  padding: 0;
}

.c26 {
  display: -webkit-box;
  display: -webkit-flex;
  display: -ms-flexbox;
  display: flex;
  -webkit-flex-direction: row;
  -ms-flex-direction: row;
  flex-direction: row;
  -webkit-column-gap: 0.875rem;
  column-gap: 0.875rem;
  -webkit-box-pack: space-around;
  -webkit-justify-content: space-around;
  -ms-flex-pack: space-around;
  justify-content: space-around;
  width: 100%;
}

.c28 {
  display: -webkit-box;
  display: -webkit-flex;
  display: -ms-flexbox;
  display: flex;
  -webkit-flex-direction: column;
  -ms-flex-direction: column;
  flex-direction: column;
  -webkit-align-items: center;
  -webkit-box-align: center;
  -ms-flex-align: center;
  align-items: center;
}

.c28 h6 {
  margin-left: -13px;
}

.c30 {
  background-image: url(coachIcon.png);
  background-size: contain;
  width: 2.8125rem;
  height: 2.8125rem;
  border: 0;
  image-rendering: -webkit-optimize-contrast;
}

.c16 {
  padding: 0;
}

.c15 {
  width: 102px;
  margin-left: 8px;
}

.c3 {
  background-image: url('/PurpleBestInvest.svg');
  background-repeat: no-repeat;
  background-size: contain;
  height: 49px;
  width: 164px;
  margin-left: 4px;
}

.c27 {
  position: absolute;
  z-index: 10;
  right: 6.0625rem;
  top: 4.0625rem;
  width: -webkit-fit-content;
  width: -moz-fit-content;
  width: fit-content;
}

.c21 {
  display: -webkit-box;
  display: -webkit-flex;
  display: -ms-flexbox;
  display: flex;
  -webkit-column-gap: 0.5rem;
  column-gap: 0.5rem;
  -webkit-align-items: center;
  -webkit-box-align: center;
  -ms-flex-align: center;
  align-items: center;
}

.c22 {
  -webkit-transform: rotate(-90deg);
  -ms-transform: rotate(-90deg);
  transform: rotate(-90deg);
}

.c0 {
  min-height: 87px;
  margin: auto;
  max-width: 1440px;
  left: 0;
  right: 0;
  -webkit-box-pack: space-evenly;
  -webkit-justify-content: space-evenly;
  -ms-flex-pack: space-evenly;
  justify-content: space-evenly;
}

.c4 {
  height: 87px;
}

.c20 {
  background: linear-gradient(267deg,#af61fe 20%,#7024fc 75%);
  color: #fff;
  padding-left: 2.25rem;
  padding-right: 2.5625rem;
  min-height: 80px;
}

.c1 {
  min-height: 87px;
}

.c24 {
  margin: 2px;
  padding: 16px;
}

.c31 {
  position: relative;
  left: 30px;
  top: 27px;
}

@media (max-width:830px) {
  .c27 {
    right: 0;
  }
}

@media (max-width:830px) {
  .c20 {
    padding: 0;
  }
}

<div>
  <div
    class="MuiBox-root MuiBox-root-1"
    data-testid="header"
  >
    <header
      class="MuiPaper-root MuiAppBar-root MuiAppBar-positionRelative MuiAppBar-colorInherit c0 MuiPaper-elevation0"
      data-testid="header-menu"
      style="z-index: 1201;"
    >
      <div
        class="MuiToolbar-root MuiToolbar-dense c1 MuiToolbar-gutters"
      >
        <div
          class="MuiGrid-root MuiGrid-container MuiGrid-align-items-xs-center MuiGrid-justify-content-xs-space-between"
        >
          <div
            class="MuiGrid-root MuiGrid-container MuiGrid-align-items-xs-center MuiGrid-justify-content-xs-space-between"
          >
            <div
              class="MuiGrid-root MuiGrid-item MuiGrid-grid-xs-2"
            >
              <button
                class="MuiTypography-root MuiLink-root MuiLink-underlineHover c2 MuiLink-button MuiTypography-colorPrimary"
              >
                <div
                  class="c3"
                />
              </button>
            </div>
            <div
              class="MuiGrid-root MuiGrid-container MuiGrid-item MuiGrid-wrap-xs-nowrap MuiGrid-justify-content-xs-space-between MuiGrid-grid-xs-10"
            >
              <div
                class="MuiGrid-root c4 MuiGrid-container MuiGrid-item MuiGrid-wrap-xs-nowrap"
              >
                <div
                  class="MuiGrid-root MuiGrid-item"
                >
                  <div>
                    <div
                      class="c5"
                    >
                      <div
                        aria-disabled="false"
                        class="MuiButtonBase-root MuiListItem-root c6 MuiListItem-gutters MuiListItem-button"
                        role="button"
                        tabindex="0"
                      >
                        <a
                          class="MuiTypography-root MuiLink-root MuiLink-underlineHover c2 c7 c8 MuiTypography-colorPrimary"
                        >
                          Investments
                        </a>
                        <span
                          class="MuiTouchRipple-root"
                        />
                      </div>
                      <svg
                        aria-hidden="true"
                        aria-label="open Investments menu"
                        class="MuiSvgIcon-root c9"
                        focusable="false"
                        viewBox="0 0 24 24"
                      >
                        <title>
                          arrowHeadDown
                        </title>
                        <path
                          d="M17.645 10.592c.433-.309.477-.908.093-1.27l-.08-.075c-.308-.292-.795-.33-1.15-.09l-4.536 3.71-4.48-3.71c-.355-.24-.842-.201-1.15.09l-.08.075c-.384.363-.34.961.093 1.27l5.078 4.237c.319.228.759.228 1.078 0l5.134-4.237z"
                          fill-rule="evenodd"
                        />
                      </svg>
                    </div>
                  </div>
                </div>
                <div
                  class="MuiGrid-root MuiGrid-item"
                >
                  <div>
                    <button
                      class="MuiTypography-root MuiLink-root MuiLink-underlineHover c2 c10 MuiLink-button MuiTypography-colorPrimary"
                    >
                      Life plan
                    </button>
                  </div>
                </div>
                <div
                  class="MuiGrid-root MuiGrid-item"
                >
                  <div>
                    <button
                      class="MuiTypography-root MuiLink-root MuiLink-underlineHover c2 c10 MuiLink-button MuiTypography-colorPrimary"
                    >
                      Documents
                    </button>
                  </div>
                </div>
                <div
                  class="MuiGrid-root MuiGrid-item"
                >
                  <div>
                    <button
                      class="MuiTypography-root MuiLink-root MuiLink-underlineHover c2 c10 MuiLink-button MuiTypography-colorPrimary"
                    >
                      Help & Support
                    </button>
                  </div>
                </div>
              </div>
              <div
                class="MuiGrid-root MuiGrid-container MuiGrid-spacing-xs-2 MuiGrid-item MuiGrid-wrap-xs-nowrap MuiGrid-align-items-xs-center MuiGrid-justify-content-xs-flex-end"
              >
                <div
                  class="MuiGrid-root MuiGrid-item"
                >
                  <div
                    class="c11"
                    title="Coming soon"
                  >
                    <div
                      disabled=""
                      style="transition: all 100ms linear; opacity: 0.3; pointer-events: none;"
                      tabindex="-1"
                    >
                      <button
                        class="MuiButtonBase-root MuiButton-root MuiButton-text c12 MuiButton-disableElevation"
                        tabindex="0"
                        type="button"
                        wrap="nowrap"
                      >
                        <span
                          class="MuiButton-label"
                        >
                          <span
                            class="MuiButton-startIcon MuiButton-iconSizeMedium"
                          >
                            <svg
                              aria-hidden="true"
                              class="MuiSvgIcon-root"
                              focusable="false"
                              viewBox="0 0 24 24"
                            >
                              <title>
                                plus
                              </title>
                              <path
                                d="M12 4c.552 0 1 .343 1 2v5h5c1.657 0 2 .448 2 1s-.343 1-2 1h-5v5c0 1.657-.448 2-1 2s-1-.343-1-2v-5H6c-1.657 0-2-.448-2-1s.343-1 2-1h5V6c0-1.657.448-2 1-2z"
                                fill-rule="evenodd"
                              />
                            </svg>
                          </span>
                          Add cash
                        </span>
                        <span
                          class="MuiTouchRipple-root"
                        />
                      </button>
                    </div>
                  </div>
                </div>
                <div
                  class="MuiGrid-root c13"
                >
                  <div
                    class="c11"
                    title="Coming soon"
                  >
                    <div
                      disabled=""
                      style="transition: all 100ms linear; opacity: 0.3; pointer-events: none;"
                      tabindex="-1"
                    >
                      <button
                        class="MuiButtonBase-root MuiButton-root MuiButton-text c14 c15 MuiButton-disableElevation"
                        tabindex="0"
                        type="button"
                      >
                        <span
                          class="MuiButton-label"
                        >
                          <span
                            class="MuiButton-startIcon MuiButton-iconSizeMedium"
                          >
                            <svg
                              aria-hidden="true"
                              class="MuiSvgIcon-root"
                              focusable="false"
                              viewBox="0 0 24 24"
                            >
                              <title>
                                investStatistics
                              </title>
                              <path
                                d="M9.33651999,6.38840997 C9.06773999,6.87663997 8.76601998,7.64639998 8.31521998,8.80558998 L7.27121998,11.49056 C7.18745998,11.708 7.08285998,11.97953 6.91054997,12.2071 C6.64842997,12.5534 6.28073997,12.8049 5.86303997,12.9237 C5.58843997,13.0018 5.29746997,13.0009 5.06445997,13.0001 L4.99999995,13 C3.34313996,13 2.99999995,12.5523 2.99999995,12 C2.99999995,11.44769 3.34313996,11 4.99999995,11 C5.16178997,11 5.24583997,10.99969 5.30689997,10.99655 L5.31333997,10.9962 L5.31598997,10.99033 C5.34104997,10.93456 5.37179997,10.85633 5.43043997,10.70554 L6.47953997,8.00784998 C6.89449997,6.94069997 7.24337998,6.04345997 7.58447998,5.42386997 C7.89197998,4.86530996 8.44885998,4.04443996 9.45550999,4.08568996 C10.46215,4.12694996 10.95,4.99062996 11.21077,5.57247997 C11.50002,6.21788997 11.77432,7.14065998 12.1006,8.23816998 L14.0991,14.9607 C14.4881,16.2691 14.7528,17.1522 15.0032,17.7196 C15.0128,17.7415 15.0223,17.7623 15.0314,17.7823 C15.0409,17.7625 15.0507,17.7418 15.0607,17.7201 C15.3207,17.157 15.6002,16.2785 16.0113,14.9769 L16.7616,12.6005 C16.82,12.4138 16.8926,12.1817 17.0138,11.97793 C17.2914,11.51095 17.747,11.17702 18.2759,11.0529 C18.5067,10.99873 18.7499,10.99938 18.9455,10.9999 L19,11 C20.6569,11 21,11.44769 21,12 C21,12.5523 20.6569,13 19,13 C18.9893,13 18.9789,13 18.9689,13 C18.853,13 18.7889,13.0004 18.7412,13.0024 L18.7349,13.0027 L18.7327,13.0086 C18.715,13.0574 18.6934,13.1251 18.6525,13.2547 L17.8951,15.6529 C17.5133,16.8623 17.1966,17.8651 16.8765,18.5584 C16.7129,18.9128 16.5114,19.2719 16.2391,19.5511 C15.9421,19.8557 15.5305,20.0922 15.0119,20.0878604 C14.4934,20.0834 14.0858,19.84 13.794,19.5304 C13.5265,19.2466 13.331,18.8842 13.1735,18.5271 C12.8651,17.8285 12.5655,16.8205 12.2041,15.6048 L10.20576,8.88306998 C9.85132999,7.69086998 9.61360999,6.89900997 9.38567999,6.39042997 C9.37794999,6.37319997 9.37041999,6.35670997 9.36308999,6.34091997 C9.35447999,6.35604997 9.34562999,6.37186997 9.33651999,6.38840997 Z"
                                fill-rule="evenodd"
                              />
                            </svg>
                          </span>
                          Invest
                        </span>
                        <span
                          class="MuiTouchRipple-root"
                        />
                      </button>
                    </div>
                  </div>
                </div>
                <div
                  class="MuiGrid-root c16"
                >
                  <div
                    class="MuiBox-root MuiBox-root-2"
                    data-testid="Spacer"
                  >
                    <div
                      class="c17"
                    />
                  </div>
                </div>
                <div
                  class="MuiGrid-root MuiGrid-item"
                >
                  <div
                    class="c11"
                    title="Coming soon"
                  >
                    <div
                      disabled=""
                      style="transition: all 100ms linear; opacity: 0.3; pointer-events: none;"
                      tabindex="-1"
                    >
                      <button
                        aria-controls="simple-menu"
                        aria-haspopup="true"
                        aria-label="list"
                        class="MuiButtonBase-root MuiButton-root MuiButton-text c18 MuiButton-disableElevation"
                        tabindex="0"
                        type="button"
                      >
                        <span
                          class="MuiButton-label"
                        >
                          <svg
                            aria-hidden="true"
                            class="MuiSvgIcon-root"
                            focusable="false"
                            viewBox="0 0 24 24"
                          >
                            <title>
                              list
                            </title>
                            <path
                              d="M19 19c1.657 0 2 .448 2 1s-.343 1-2 1H7c-1.657 0-2-.448-2-1s.343-1 2-1h12zM10.414 8.586c.557.556.585 1.435.586 3.138V12c0 1.886 0 2.828-.586 3.414C9.828 16 8.886 16 7 16c-1.886 0-2.828 0-3.414-.586-.527-.527-.58-1.343-.585-2.876v-1.076c.005-1.533.058-2.349.585-2.876.527-.527 1.343-.58 2.876-.585h1.076c1.533.005 2.349.058 2.876.585zM7.464 10h-.928c-.718.002-1.162.014-1.479.056-.05.38-.057.944-.057 1.943v.24c.001.852.01 1.354.057 1.703.38.05.944.057 1.943.057 1 0 1.562-.006 1.943-.057.05-.38.057-.944.057-1.943v-.24c-.001-.852-.01-1.354-.057-1.703-.317-.042-.761-.054-1.479-.056zM19 11c1.657 0 2 .448 2 1s-.343 1-2 1h-4c-1.657 0-2-.448-2-1s.343-1 2-1zm0-8c1.657 0 2 .448 2 1s-.343 1-2 1H7c-1.657 0-2-.448-2-1s.343-1 2-1z"
                              fill-rule="evenodd"
                            />
                          </svg>
                        </span>
                        <span
                          class="MuiTouchRipple-root"
                        />
                      </button>
                    </div>
                  </div>
                </div>
                <div
                  class="MuiGrid-root c16"
                >
                  <div
                    class="MuiBox-root MuiBox-root-3"
                    data-testid="Spacer"
                  >
                    <div
                      class="c17"
                    />
                  </div>
                </div>
                <div
                  class="MuiGrid-root MuiGrid-item"
                >
                  <div
                    class="c11"
                    title="Coming soon"
                  >
                    <div
                      disabled=""
                      style="transition: all 100ms linear; opacity: 0.3; pointer-events: none;"
                      tabindex="-1"
                    >
                      <button
                        aria-controls="simple-menu"
                        aria-haspopup="true"
                        aria-label="search"
                        class="MuiButtonBase-root MuiButton-root MuiButton-text c18 MuiButton-disableElevation"
                        tabindex="0"
                        type="button"
                      >
                        <span
                          class="MuiButton-label"
                        >
                          <svg
                            aria-hidden="true"
                            class="MuiSvgIcon-root"
                            focusable="false"
                            viewBox="0 0 24 24"
                          >
                            <title>
                              search
                            </title>
                            <path
                              d="M16.512 16.798a8 8 0 1 1 .286-.286c.851.07 1.654.44 2.263 1.049l1.666 1.666a.931.931 0 0 1 .273.659v.053l-.001.109a1 1 0 0 1-1.06.952h-.053a.931.931 0 0 1-.659-.273l-1.666-1.666a3.621 3.621 0 0 1-1.049-2.263zM17 11a6 6 0 1 1-12 0 6 6 0 0 1 12 0z"
                              fill-rule="evenodd"
                            />
                          </svg>
                        </span>
                        <span
                          class="MuiTouchRipple-root"
                        />
                      </button>
                    </div>
                  </div>
                </div>
                <div
                  class="MuiGrid-root c16"
                >
                  <div
                    class="MuiBox-root MuiBox-root-4"
                    data-testid="Spacer"
                  >
                    <div
                      class="c17"
                    />
                  </div>
                </div>
                <div
                  class="MuiGrid-root MuiGrid-item"
                >
                  <div
                    class="c11"
                    title="Coming soon"
                  >
                    <div
                      disabled=""
                      style="transition: all 100ms linear; opacity: 0.3; pointer-events: none;"
                      tabindex="-1"
                    >
                      <button
                        aria-controls="simple-menu"
                        aria-haspopup="true"
                        aria-label="shopping-cart"
                        class="MuiButtonBase-root MuiButton-root MuiButton-text c18 MuiButton-disableElevation"
                        tabindex="0"
                        type="button"
                      >
                        <span
                          class="MuiButton-label"
                        >
                          <svg
                            aria-hidden="true"
                            class="MuiSvgIcon-root"
                            focusable="false"
                            viewBox="0 0 24 24"
                          >
                            <title>
                              cart
                            </title>
                            <path
                              d="M17,15 C18.6569,15 20,16.3431 20,18 C20,19.6569 18.6569,21 17,21 C15.3431,21 14,19.6569 14,18 C14,16.3431 15.3431,15 17,15 Z M4.99999995,2.99999995 C6.10456997,2.99999995 6.99999995,3.89542996 6.99999995,4.99999995 C6.99999995,5.55227997 7.44771998,5.99999995 7.99999995,5.99999995 L18.5074,5.99981997 C18.7761,5.99892997 19.1018,5.99783997 19.3868,6.08212997 C20.1504,6.30799997 20.7073,6.96536997 20.8046,7.75574998 C20.8409,8.05072998 20.7862,8.37184998 20.7412,8.63675998 L20.728,8.71458998 L20.7067,8.84250998 C20.5533,9.76486999 20.4481,10.3969 20.2207,10.93792 C19.6021,12.4092 18.3183,13.4967 16.7653,13.8651 C16.2576556,13.9854556 15.6950185,13.9986704 14.9195749,13.9999104 L12,14 C11.16837,14 10.45529,14.5076 10.15367,15.2298 C11.23789,15.6819 12,16.752 12,18 C12,19.6569 10.65685,21 8.99999995,21 C7.34314998,21 5.99999995,19.6569 5.99999995,18 C5.99999995,16.6945 6.83385997,15.5838 7.99800998,15.1714 C7.96998998,13.8392 7.64645998,12.529 7.04984998,11.33576 L5.99999995,9.23606999 C5.34236997,7.92080998 4.99999995,6.47049997 4.99999995,4.99999995 C3.34313996,4.99999995 2.99999995,4.55227996 2.99999995,3.99999995 C2.99999995,3.44770996 3.34313996,2.99999995 4.99999995,2.99999995 Z M8.99999998,17 C8.44771998,17 7.99999998,17.4477 7.99999998,18 C7.99999998,18.5523 8.44771998,19 8.99999998,19 C9.55227999,19 9.99999998,18.5523 9.99999998,18 C9.99999998,17.4477 9.55227999,17 8.99999998,17 Z M17,17 C16.4477,17 16,17.4477 16,18 C16,18.5523 16.4477,19 17,19 C17.5523,19 18,18.5523 18,18 C18,17.4477 17.5523,17 17,17 Z M7.61818998,7.97592998 C7.67169998,8.09917998 7.72859998,8.22112998 7.78884998,8.34163998 L7.78884998,8.34163998 L8.83869998,10.44133 C9.20597999,11.17589 9.48858999,11.94673 9.68300999,12.739 C10.33676,12.2737 11.13642,12 12,12 L12,12 L14.4888,12 C15.6033,12 15.9904,11.99334 16.3038,11.91903 C17.2355,11.69805 18.0058,11.04552 18.377,10.16275 C18.5018,9.86589999 18.572,9.48510999 18.7552,8.38578998 C18.7862,8.20000998 18.8033,8.09556998 18.8123,8.01896998 L18.8123,8.01896998 L18.8139,8.00473998 L18.7996,8.00397998 C18.7688,8.00249598 18.733392,8.00156238 18.6899328,8.0009763 L7.99999998,7.99999998 C7.87064998,7.99999998 7.74321998,7.99180998 7.61818998,7.97592998 Z"
                              fill-rule="evenodd"
                            />
                          </svg>
                        </span>
                        <span
                          class="MuiTouchRipple-root"
                        />
                      </button>
                    </div>
                  </div>
                </div>
                <div
                  class="MuiGrid-root c16"
                >
                  <div
                    class="MuiBox-root MuiBox-root-5"
                    data-testid="Spacer"
                  >
                    <div
                      class="c17"
                    />
                  </div>
                </div>
                <div
                  class="MuiGrid-root MuiGrid-item"
                >
                  <button
                    aria-controls="simple-menu"
                    aria-haspopup="true"
                    aria-label="profile"
                    class="MuiButtonBase-root MuiButton-root MuiButton-text c18 MuiButton-disableElevation"
                    data-testid="profile"
                    tabindex="0"
                    type="button"
                  >
                    <span
                      class="MuiButton-label"
                    >
                      <svg
                        aria-hidden="true"
                        class="MuiSvgIcon-root"
                        focusable="false"
                        viewBox="0 0 24 24"
                      >
                        <title>
                          account
                        </title>
                        <path
                          d="M6.618 16.465c3.559-.62 7.206-.62 10.765 0l.428.076c1.83.361 3.154 1.884 3.19 3.667v.097c0 .576-.695.901-1.173.549-.389-.287-.626-.709-.862-1.128-.082-.146-.163-.29-.25-.43-.281-.445-.748-.775-1.31-.886l-.382-.068c-3.322-.578-6.726-.578-10.047 0l-.382.068c-.562.111-1.029.441-1.31.886-.087.14-.169.284-.25.43-.236.42-.474.841-.862 1.128-.478.352-1.173.027-1.173-.55v-.096c.035-1.783 1.36-3.306 3.19-3.667l.428-.076zM12 3c3.314 0 6 2.686 6 6s-2.686 6-6 6-6-2.686-6-6 2.686-6 6-6zm0 2C9.79 5 8 6.79 8 9s1.79 4 4 4 4-1.79 4-4-1.79-4-4-4z"
                          fill-rule="evenodd"
                        />
                      </svg>
                    </span>
                    <span
                      class="MuiTouchRipple-root"
                    />
                  </button>
                </div>
              </div>
            </div>
          </div>
        </div>
      </div>
      <div
        class="MuiToolbar-root MuiToolbar-regular c19 c20 MuiToolbar-gutters"
      >
        <div
          class="MuiGrid-root MuiGrid-container MuiGrid-align-items-xs-center MuiGrid-justify-content-xs-space-between"
        >
          <div
            class="MuiGrid-root MuiGrid-item"
          >
            <div
              class="c21"
            >
              <svg
                aria-hidden="true"
                class="MuiSvgIcon-root c22"
                focusable="false"
                viewBox="0 0 24 24"
              >
                <title>
                  upload
                </title>
                <path
                  d="M17 9c1.389.027 2.213.15 2.826.62.208.16.395.346.554.554.59.77.619 2.323.62 4.496V15c0 2.346 0 4.018-.62 4.826-.16.208-.346.394-.554.554-.808.62-1.98.62-4.326.62h-7c-2.346 0-3.518 0-4.326-.62-.208-.16-.394-.346-.554-.554-.561-.73-.614-2.17-.62-4.174v-1.304c.006-2.004.059-3.443.62-4.174.16-.208.346-.394.554-.554C4.787 9.15 5.61 9.027 7 9c1.657 0 2 .448 2 1s-.343 1-2 1c-.412.008-.739.034-1.016.065-.255.029-.403.064-.488.093-.073.024-.097.043-.105.049-.07.053-.131.115-.184.184-.007.008-.024.032-.05.105-.028.085-.063.233-.092.488-.053.471-.063 1.455-.065 2.494v1.044c.002 1.04.012 2.023.065 2.494.029.255.064.403.093.488.025.073.043.097.049.105.053.07.115.131.184.184.008.006.032.024.105.049.085.029.233.064.488.093.55.062 1.297.065 2.516.065h7c1.22 0 1.966-.003 2.516-.065.255-.029.403-.064.488-.093.073-.024.097-.043.105-.049.07-.053.131-.115.184-.184.006-.008.024-.032.05-.105.028-.085.063-.233.092-.488.053-.471.063-1.455.065-2.494v-1.044c-.002-1.04-.012-2.023-.065-2.494-.029-.255-.064-.403-.093-.488-.024-.073-.043-.097-.049-.105-.053-.07-.115-.131-.184-.184-.008-.007-.032-.025-.105-.05-.085-.028-.233-.063-.488-.092-.277-.031-.604-.057-1.016-.065-1.657 0-2-.448-2-1s.343-1 2-1zm-5.603-5.798c.357-.27.85-.27 1.206 0l3.48 2.632c.485.366.534 1.076.105 1.505l-.089.089c-.346.346-.89.39-1.288.107L13 6.24v8.786c0 1.657-.448 2-1 2s-1-.343-1-2V6.24L9.19 7.535c-.398.284-.943.239-1.289-.107l-.089-.089c-.43-.43-.38-1.139.104-1.505z"
                  fill-rule="evenodd"
                />
              </svg>
              <a
                class="MuiTypography-root MuiLink-root MuiLink-underlineAlways c23 MuiTypography-colorPrimary"
              >
                Back to old Bestinvest
              </a>
            </div>
          </div>
          <div
            class="MuiGrid-root MuiGrid-item"
          >
            <label
              class="MuiFormControlLabel-root c24 MuiFormControlLabel-labelPlacementStart"
            >
              <div
                class="MuiBox-root MuiBox-root-6"
              >
                <span
                  class="MuiSwitch-root c25 MuiSwitch-sizeSmall"
                >
                  <span
                    aria-disabled="false"
                    class="MuiButtonBase-root MuiIconButton-root PrivateSwitchBase-root-7 MuiSwitch-switchBase MuiSwitch-colorPrimary PrivateSwitchBase-checked-8 Mui-checked"
                  >
                    <span
                      class="MuiIconButton-label"
                    >
                      <input
                        checked=""
                        class="PrivateSwitchBase-input-10 MuiSwitch-input"
                        type="checkbox"
                        value=""
                      />
                      <span
                        class="MuiSwitch-thumb"
                      />
                    </span>
                    <span
                      class="MuiTouchRipple-root"
                    />
                  </span>
                  <span
                    class="MuiSwitch-track"
                  />
                </span>
              </div>
              <span
                class="MuiTypography-root MuiFormControlLabel-label MuiTypography-body1"
              >
                Experimental Features
              </span>
            </label>
          </div>
          <div
            class="MuiGrid-root MuiGrid-item"
          >
            <div
              class="c26"
            >
              <div
                class="c27"
              />
              <div
                class="c28"
              >
                <h6
                  class="MuiTypography-root c29 MuiTypography-body1"
                >
                  YOUR COACH
                </h6>
                <button
                  class="MuiTypography-root MuiLink-root MuiLink-underlineAlways c23 MuiLink-button MuiTypography-colorPrimary"
                >
                  Book an appointment
                </button>
              </div>
              <div
                class="c30"
              >
                <div
                  class="c31"
                >
                  <svg
                    height="20"
                    viewBox="0 0 20 20"
                    width="20"
                  >
                    <g
                      fill="none"
                      fill-rule="evenodd"
                    >
                      <g
                        transform="translate(-1384.000000, -133.000000) translate(0.000000, 90.000000) translate(1216.000000, 17.000000) translate(168.000000, 26.000000)"
                      >
                        <circle
                          cx="10"
                          cy="10"
                          fill="#eeedfc"
                          r="10"
                        />
                        <g
                          transform="scale(0.8, 0.8) translate(2.5 2.5)"
                        >
                          <svg
                            aria-hidden="true"
                            class="MuiSvgIcon-root MuiSvgIcon-colorPrimary"
                            focusable="false"
                            viewBox="0 0 24 24"
                          >
                            <title>
                              calendar
                            </title>
                            <path
                              d="M15 4.8752 C 15.1377 4.1392 15.4638 3.9611 15.8443 3.9611 C 16.2271 3.9611 16.555 4.1414 16.6911 4.8891 C 18.1517 4.9289 19.0162 5.0829 19.6115 5.6783 C 20.4147 6.4815 20.4147 7.7743 20.4147 10.3597 L 20.4147 14.9302 C 20.4147 17.5156 20.4147 18.8083 19.6115 19.6115 C 18.8083 20.4147 17.5156 20.4147 14.9302 20.4147 L 9.4456 20.4147 C 6.8602 20.4147 5.5675 20.4147 4.7643 19.6115 C 3.9611 18.8083 3.9611 17.5156 3.9611 14.9302 L 3.9611 10.3597 C 3.9611 7.7743 3.9611 6.4815 4.7643 5.6783 C 5.3597 5.0829 6.2241 4.9289 7.6847 4.8891 C 7.8208 4.1414 8.1487 3.9611 8.5315 3.9611 C 8.912 3.9611 9.2381 4.1392 9.3758 4.8752 L 15 4.8752 Z M 7.6174 6.72 C 7.6204 8.2202 8.0285 8.5315 8.5315 8.5315 C 9.0364 8.5315 9.4456 8.2179 9.4456 6.7033 L 14.9302 6.7033 C 14.9302 8.2179 15.3394 8.5315 15.8443 8.5315 C 16.3473 8.5315 16.7553 8.2202 16.7583 6.72 C 17.1306 6.7319 17.4348 6.7524 17.6956 6.7874 C 18.22 6.8579 18.3075 6.9582 18.318 6.9701 L 18.3188 6.9711 L 18.3198 6.9719 C 18.3317 6.9823 18.432 7.0699 18.5024 7.5943 C 18.5626 8.042 18.5799 8.6179 18.5847 9.4456 L 5.7911 9.4456 C 5.7959 8.6179 5.8132 8.042 5.8733 7.5943 C 5.9438 7.0699 6.0441 6.9823 6.056 6.9719 L 6.057 6.9711 L 6.0578 6.9701 C 6.0682 6.9582 6.1558 6.8579 6.6802 6.7874 C 6.941 6.7524 7.2452 6.7319 7.6174 6.72 Z M 5.7892 11.2738 L 5.7892 14.9302 C 5.7892 16.2746 5.7931 17.0989 5.8733 17.6956 C 5.9438 18.22 6.0441 18.3075 6.056 18.318 L 6.057 18.3188 L 6.0578 18.3198 C 6.0682 18.3317 6.1558 18.432 6.6802 18.5024 C 7.2768 18.5827 8.1012 18.5865 9.4456 18.5865 L 14.9302 18.5865 C 16.2746 18.5865 17.0989 18.5827 17.6956 18.5024 C 18.22 18.432 18.3075 18.3317 18.318 18.3198 L 18.3188 18.3188 L 18.3198 18.318 C 18.3317 18.3075 18.432 18.22 18.5024 17.6956 C 18.5827 17.0989 18.5865 16.2746 18.5865 14.9302 L 18.5865 11.2738 L 5.7892 11.2738 Z"
                              fill-rule="evenodd"
                            />
                          </svg>
                        </g>
                      </g>
                    </g>
                  </svg>
                </div>
              </div>
            </div>
          </div>
        </div>
      </div>
    </header>
  </div>
</div>
`;
