// Jest Snapshot v1, https://goo.gl/fbAQLP

exports[`Header Menu in Mobile renders the header menu (with experimental features) 1`] = `
.c2 {
  font-size: 0.8125rem;
  line-height: 1rem;
  -webkit-letter-spacing: 0.0125rem;
  -moz-letter-spacing: 0.0125rem;
  -ms-letter-spacing: 0.0125rem;
  letter-spacing: 0.0125rem;
  font-weight: 600;
  color: #6c00bf;
  white-space: break-spaces;
}

.c9 {
  font-size: 0.8125rem;
  line-height: 1rem;
  -webkit-letter-spacing: 0.0125rem;
  -moz-letter-spacing: 0.0125rem;
  -ms-letter-spacing: 0.0125rem;
  letter-spacing: 0.0125rem;
  font-weight: 600;
  color: #fff;
  white-space: break-spaces;
}

.c5 .MuiToolbar-root {
  border-top: 2px solid [object Object];
}

.c3 {
  background-image: url('/PurpleBestInvest.svg');
  background-repeat: no-repeat;
  background-size: contain;
  height: 37px;
  width: 124px;
  margin-left: 4px;
}

.c7 {
  display: -webkit-box;
  display: -webkit-flex;
  display: -ms-flexbox;
  display: flex;
  -webkit-column-gap: 0.5rem;
  column-gap: 0.5rem;
  -webkit-align-items: center;
  -webkit-box-align: center;
  -ms-flex-align: center;
  align-items: center;
}

.c8 {
  -webkit-transform: rotate(-90deg);
  -ms-transform: rotate(-90deg);
  transform: rotate(-90deg);
}

.c0 {
  min-height: 90px;
  margin: auto;
  max-width: 1440px;
  left: 0;
  right: 0;
  -webkit-box-pack: space-evenly;
  -webkit-justify-content: space-evenly;
  -ms-flex-pack: space-evenly;
  justify-content: space-evenly;
}

.c4 {
  padding-right: 4px;
}

.c6 {
  background: linear-gradient(267deg,#af61fe 20%,#7024fc 75%);
  color: #fff;
  padding-left: 2.25rem;
  padding-right: 2.5625rem;
  min-height: 34px;
}

.c1 {
  min-height: 90px;
}

@media (max-width:830px) {

}

@media (max-width:830px) {
  .c6 {
    padding: 0;
  }
}

@media (max-width:830px) {

}

<div>
  <div
    class="MuiBox-root MuiBox-root-1"
    data-testid="header"
  >
    <header
      class="MuiPaper-root MuiAppBar-root MuiAppBar-positionRelative MuiAppBar-colorInherit c0 MuiPaper-elevation0"
      data-testid="header-menu"
      style="z-index: 1201;"
    >
      <div
        class="MuiToolbar-root MuiToolbar-dense c1 MuiToolbar-gutters"
      >
        <div
          class="MuiGrid-root MuiGrid-container MuiGrid-align-items-xs-center MuiGrid-justify-content-xs-space-between"
        >
          <div
            class="MuiGrid-root MuiGrid-container MuiGrid-align-items-xs-center MuiGrid-justify-content-xs-space-between"
          >
            <div
              class="MuiGrid-root MuiGrid-item MuiGrid-grid-xs-2"
            >
              <button
                class="MuiTypography-root MuiLink-root MuiLink-underlineHover c2 MuiLink-button MuiTypography-colorPrimary"
              >
                <div
                  class="c3"
                />
              </button>
            </div>
            <div
              class="MuiGrid-root MuiGrid-item MuiGrid-grid-xs-9"
            >
              <div
                class="MuiGrid-root MuiGrid-container MuiGrid-justify-content-xs-flex-end"
              >
                <button
                  aria-label="menu"
                  class="MuiButtonBase-root MuiIconButton-root c4 MuiIconButton-colorPrimary MuiIconButton-edgeStart"
                  tabindex="0"
                  type="button"
                >
                  <span
                    class="MuiIconButton-label"
                  >
                    <svg
                      aria-hidden="true"
                      class="MuiSvgIcon-root"
                      focusable="false"
                      viewBox="0 0 24 24"
                    >
                      <path
                        d="M3 18h18v-2H3v2zm0-5h18v-2H3v2zm0-7v2h18V6H3z"
                      />
                    </svg>
                  </span>
                  <span
                    class="MuiTouchRipple-root"
                  />
                </button>
              </div>
            </div>
          </div>
        </div>
      </div>
      <div
        class="MuiToolbar-root MuiToolbar-regular c5 c6 MuiToolbar-gutters"
      >
        <div
          class="MuiGrid-root MuiGrid-container MuiGrid-item MuiGrid-justify-content-xs-center"
        >
          <div
            class="c7"
          >
            <svg
              aria-hidden="true"
              class="MuiSvgIcon-root c8"
              focusable="false"
              viewBox="0 0 24 24"
            >
              <title>
                upload
              </title>
              <path
                d="M17 9c1.389.027 2.213.15 2.826.62.208.16.395.346.554.554.59.77.619 2.323.62 4.496V15c0 2.346 0 4.018-.62 4.826-.16.208-.346.394-.554.554-.808.62-1.98.62-4.326.62h-7c-2.346 0-3.518 0-4.326-.62-.208-.16-.394-.346-.554-.554-.561-.73-.614-2.17-.62-4.174v-1.304c.006-2.004.059-3.443.62-4.174.16-.208.346-.394.554-.554C4.787 9.15 5.61 9.027 7 9c1.657 0 2 .448 2 1s-.343 1-2 1c-.412.008-.739.034-1.016.065-.255.029-.403.064-.488.093-.073.024-.097.043-.105.049-.07.053-.131.115-.184.184-.007.008-.024.032-.05.105-.028.085-.063.233-.092.488-.053.471-.063 1.455-.065 2.494v1.044c.002 1.04.012 2.023.065 2.494.029.255.064.403.093.488.025.073.043.097.049.105.053.07.115.131.184.184.008.006.032.024.105.049.085.029.233.064.488.093.55.062 1.297.065 2.516.065h7c1.22 0 1.966-.003 2.516-.065.255-.029.403-.064.488-.093.073-.024.097-.043.105-.049.07-.053.131-.115.184-.184.006-.008.024-.032.05-.105.028-.085.063-.233.092-.488.053-.471.063-1.455.065-2.494v-1.044c-.002-1.04-.012-2.023-.065-2.494-.029-.255-.064-.403-.093-.488-.024-.073-.043-.097-.049-.105-.053-.07-.115-.131-.184-.184-.008-.007-.032-.025-.105-.05-.085-.028-.233-.063-.488-.092-.277-.031-.604-.057-1.016-.065-1.657 0-2-.448-2-1s.343-1 2-1zm-5.603-5.798c.357-.27.85-.27 1.206 0l3.48 2.632c.485.366.534 1.076.105 1.505l-.089.089c-.346.346-.89.39-1.288.107L13 6.24v8.786c0 1.657-.448 2-1 2s-1-.343-1-2V6.24L9.19 7.535c-.398.284-.943.239-1.289-.107l-.089-.089c-.43-.43-.38-1.139.104-1.505z"
                fill-rule="evenodd"
              />
            </svg>
            <a
              class="MuiTypography-root MuiLink-root MuiLink-underlineAlways c9 MuiTypography-colorPrimary"
            >
              Back to old Bestinvest
            </a>
          </div>
        </div>
      </div>
    </header>
  </div>
</div>
`;
