// Jest Snapshot v1, https://goo.gl/fbAQLP

exports[`HeaderMenu renders the header menu 1`] = `
.c8 {
  font-size: 0.75rem;
  color: #6c00bf;
  border: 1px solid #6c00bf;
  line-height: 1rem;
  -webkit-letter-spacing: 0.018125rem;
  -moz-letter-spacing: 0.018125rem;
  -ms-letter-spacing: 0.018125rem;
  letter-spacing: 0.018125rem;
  font-weight: bold;
  height: 40px;
  border-radius: 6px;
  min-width: 80px;
  text-transform: none;
  white-space: nowrap;
  padding: 12px 16px;
}

.c8.Mui-disabled {
  color: #6c00bf;
  border: 1px solid #6c00bf;
  opacity: 0.2;
}

.c8 .MuiButton-iconSizeMedium *:first-child {
  font-size: 0.875rem;
}

.c9 {
  font-size: 0.75rem;
  background-color: #6c00bf;
  color: #fff;
  line-height: 1rem;
  -webkit-letter-spacing: 0.018125rem;
  -moz-letter-spacing: 0.018125rem;
  -ms-letter-spacing: 0.018125rem;
  letter-spacing: 0.018125rem;
  font-weight: bold;
  height: 40px;
  border-radius: 6px;
  min-width: 80px;
  text-transform: none;
  white-space: break-space;
  padding: 12px 16px;
}

.c9:hover {
  background-color: #6c00bf;
  color: #fff;
}

.c9.Mui-disabled {
  background-color: #6c00bf;
  color: #fff;
  opacity: 0.2;
}

.c9.Mui-disabled:hover {
  background-color: #6c00bf;
  color: #fff;
}

.c9 .MuiButton-iconSizeMedium *:first-child {
  font-size: 0.875rem;
}

.c6 {
  font-size: 0.75rem;
  line-height: 1rem;
  -webkit-letter-spacing: 0.01875rem;
  -moz-letter-spacing: 0.01875rem;
  -ms-letter-spacing: 0.01875rem;
  letter-spacing: 0.01875rem;
  font-weight: bold;
  color: #380c57;
  white-space: normal;
}

.c7 {
  font-size: 0.75rem;
  line-height: 1rem;
  -webkit-letter-spacing: 0.01875rem;
  -moz-letter-spacing: 0.01875rem;
  -ms-letter-spacing: 0.01875rem;
  letter-spacing: 0.01875rem;
  font-weight: normal;
  color: #000;
  white-space: normal;
}

.c3 {
  background-color: #eeedfc;
  width: 100%;
  height: 2px;
  border-radius: 1.5px;
}

.c1 {
  font-weight: bold;
  font-size: 0.875rem;
  font-family: FSElliot,Roboto;
}

.c4 .MuiToolbar-root {
  border-top: 2px solid [object Object];
}

.c0 {
  box-shadow: 1px 2px 44px 0 rgba(139,139,139,0.26);
}

.c2 {
  background-image: url('/PurpleBestInvest.svg');
  background-repeat: no-repeat;
  background-size: auto;
  height: 38px;
  width: 124px;
}

.c5 {
  text-align: left;
  display: -webkit-box;
  display: -webkit-flex;
  display: -ms-flexbox;
  display: flex;
  -webkit-flex-direction: column;
  -ms-flex-direction: column;
  flex-direction: column;
  white-space: nowrap;
}

<div>
  <div
    class="MuiBox-root MuiBox-root-1"
    data-test-id="header-menu"
  >
    <header
      class="MuiPaper-root MuiAppBar-root MuiAppBar-positionRelative MuiAppBar-colorInherit c0 MuiPaper-elevation0"
      data-testid="header-menu"
    >
      <div
        class="MuiToolbar-root MuiToolbar-dense MuiToolbar-gutters"
      >
        <div
          class="MuiGrid-root MuiGrid-container MuiGrid-align-items-xs-center MuiGrid-justify-content-xs-space-between"
        >
          <div
            class="MuiGrid-root MuiGrid-container MuiGrid-align-items-xs-center MuiGrid-justify-content-xs-space-between"
          >
            <div
              class="MuiGrid-root MuiGrid-item MuiGrid-grid-xs-2"
            >
              <button
                class="MuiTypography-root MuiLink-root MuiLink-underlineHover c1 MuiLink-button MuiTypography-colorPrimary"
              >
                <div
                  class="c2"
                />
              </button>
            </div>
            <div
              class="MuiGrid-root MuiGrid-item MuiGrid-grid-xs-9"
            >
              <div
                class="MuiGrid-root MuiGrid-container MuiGrid-justify-content-xs-flex-end"
              >
                <button
                  aria-label="menu"
                  class="MuiButtonBase-root MuiIconButton-root MuiIconButton-colorPrimary MuiIconButton-edgeStart"
                  tabindex="0"
                  type="button"
                >
                  <span
                    class="MuiIconButton-label"
                  >
                    <svg
                      aria-hidden="true"
                      class="MuiSvgIcon-root"
                      focusable="false"
                      viewBox="0 0 24 24"
                    >
                      <path
                        d="M3 18h18v-2H3v2zm0-5h18v-2H3v2zm0-7v2h18V6H3z"
                      />
                    </svg>
                  </span>
                  <span
                    class="MuiTouchRipple-root"
                  />
                </button>
              </div>
            </div>
          </div>
        </div>
      </div>
      <div
        class="MuiBox-root MuiBox-root-2"
        data-testid="Spacer"
      >
        <div
          class="c3"
        />
      </div>
      <div
        class="MuiToolbar-root MuiToolbar-regular c4 MuiToolbar-gutters"
      >
        <div
          class="MuiGrid-root MuiGrid-container MuiGrid-item MuiGrid-wrap-xs-nowrap MuiGrid-align-items-xs-center MuiGrid-justify-content-xs-space-between"
        >
          <div
            class="MuiGrid-root MuiGrid-item MuiGrid-grid-xs-6"
          >
            <div
              class="c5"
            >
              <h6
                class="MuiTypography-root c6 MuiTypography-body1"
              >
                Â£101,100.00
              </h6>
              <p
                class="MuiTypography-root c7 MuiTypography-body1"
              >
                cash ready to invest
              </p>
            </div>
          </div>
          <div
            class="MuiGrid-root MuiGrid-container MuiGrid-spacing-xs-2 MuiGrid-item MuiGrid-wrap-xs-nowrap MuiGrid-justify-content-xs-flex-end"
          >
            <div
              class="MuiGrid-root MuiGrid-item"
            >
              <button
                class="MuiButtonBase-root MuiButton-root MuiButton-text c8 MuiButton-disableElevation"
                tabindex="0"
                type="button"
                wrap="nowrap"
              >
                <span
                  class="MuiButton-label"
                >
                  <span
                    class="MuiButton-startIcon MuiButton-iconSizeMedium"
                  >
                    <svg
                      aria-hidden="true"
                      class="MuiSvgIcon-root"
                      focusable="false"
                      viewBox="0 0 24 24"
                    >
                      <path
                        d="M17.739 6.261c.396.396.471.964-.718 2.152L13.435 12l3.586 3.587c1.19 1.188 1.114 1.756.718 2.152-.396.396-.964.471-2.152-.718L12 13.435 8.413 17.02c-1.188 1.19-1.756 1.114-2.152.718-.396-.396-.471-.964.717-2.152L10.565 12 6.978 8.413C5.79 7.225 5.865 6.657 6.261 6.261c.396-.396.964-.471 2.152.717L12 10.565l3.587-3.587c1.188-1.188 1.756-1.113 2.152-.717z"
                      />
                    </svg>
                  </span>
                  Add cash
                </span>
                <span
                  class="MuiTouchRipple-root"
                />
              </button>
            </div>
            <div
              class="MuiGrid-root MuiGrid-item"
            >
              <button
                class="MuiButtonBase-root MuiButton-root MuiButton-text c9 MuiButton-disableElevation"
                tabindex="0"
                type="button"
              >
                <span
                  class="MuiButton-label"
                >
                  <span
                    class="MuiButton-startIcon MuiButton-iconSizeMedium"
                  >
                    <svg
                      aria-hidden="true"
                      class="MuiSvgIcon-root"
                      focusable="false"
                      viewBox="0 0 24 24"
                    >
                      <path
                        d="M4 4c.552 0 1 .343 1 2v10c0 .943 0 1.414.293 1.707C5.586 18 6.057 18 7 18h.003C7 17.868 7 17.707 7 17.5v-6c0-.465 0-.697.038-.89.158-.794.778-1.414 1.572-1.572C8.803 9 9.035 9 9.5 9s.697 0 .89.038c.794.158 1.414.778 1.572 1.572.038.193.038.425.038.89v6c0 .207 0 .368-.003.5h2.006C14 17.868 14 17.707 14 17.5v-9c0-.465 0-.697.038-.89.158-.794.778-1.414 1.572-1.572C15.803 6 16.035 6 16.5 6s.697 0 .89.038c.794.158 1.414.778 1.572 1.572.038.193.038.425.038.89v9c0 .207 0 .368-.003.5H19c1.657 0 2 .448 2 1s-.343 1-2 1H9c-2.828 0-4.243 0-5.121-.879C3 18.243 3 16.828 3 14V6c0-1.657.448-2 1-2zm12.5 14c.246 0 .38 0 .479-.004h.017v-.017C17 17.88 17 17.745 17 17.5v-9c0-.246 0-.38-.004-.478v-.018h-.017C16.88 8 16.745 8 16.5 8c-.246 0-.38 0-.479.004h-.017v.018C16 8.12 16 8.254 16 8.5v9c0 .246 0 .38.004.479v.017h.017c.099.004.233.004.479.004zm-7 0c.246 0 .38 0 .478-.004h.018v-.017C10 17.88 10 17.745 10 17.5v-6c0-.246 0-.38-.004-.478v-.018h-.018C9.88 11 9.746 11 9.5 11c-.246 0-.38 0-.478.004h-.018v.018C9 11.12 9 11.254 9 11.5v6c0 .246 0 .38.004.479v.017h.018C9.12 18 9.254 18 9.5 18z"
                      />
                    </svg>
                  </span>
                  Invest
                </span>
                <span
                  class="MuiTouchRipple-root"
                />
              </button>
            </div>
          </div>
        </div>
      </div>
    </header>
  </div>
</div>
`;
