// Jest Snapshot v1, https://goo.gl/fbAQLP

exports[`GoalPotTracker matches snapshot 1`] = `
Object {
  "result": Object {
    "asFragment": [Function],
    "baseElement": <body>
      <div>
        <div
          class="sc-lcequs jWiuCR"
        >
          <div
            class="MuiBox-root MuiBox-root-1"
          >
            <span
              class="MuiTypography-root sc-jrQzUz jCZfJK MuiTypography-body1"
            >
              Main title
              : 
            </span>
            <span
              class="MuiTypography-root sc-jrQzUz UTINV MuiTypography-body1"
            >
              £100
            </span>
          </div>
          <div
            class="MuiBox-root MuiBox-root-2"
          >
            <div
              aria-valuenow="110.00000000000001"
              class="sc-iCfLBT fLrhme"
              role="progressbar"
            >
              <div
                class="sc-pVTma kWowoK"
              />
              <div
                class="sc-furvIG erDLzm"
              />
              <div
                class="sc-furvIG iDqOBC"
              />
              <div
                class="sc-furvIG avoAJ"
              />
            </div>
            <div
              class="MuiBox-root MuiBox-root-3"
              data-testid="Spacer"
            />
            <div
              class="sc-ikJzcn gZHwkl"
            >
              <div
                class="sc-jJoQpE isypUD"
                width="10"
              >
                <div
                  class="sc-bBHwJV kXmoUd"
                >
                  <div>
                    <h6
                      class="MuiTypography-root sc-jrQzUz EJbHG MuiTypography-body1"
                    >
                      TITLE A
                    </h6>
                    <div
                      class="sc-iwjezw hwFGdy"
                    >
                      <h6
                        class="MuiTypography-root sc-jrQzUz prRFo MuiTypography-body1"
                      >
                        £10.00
                      </h6>
                    </div>
                  </div>
                </div>
              </div>
              <div
                class="sc-jJoQpE bmnsXL"
                width="30"
              >
                <div
                  class="sc-bBHwJV kXmoUd"
                >
                  <div>
                    <h6
                      class="MuiTypography-root sc-jrQzUz EJbHG MuiTypography-body1"
                    >
                      TITLE B
                    </h6>
                    <div
                      class="sc-iwjezw hwFGdy"
                    >
                      <h6
                        class="MuiTypography-root sc-jrQzUz prRFo MuiTypography-body1"
                      >
                        £30.00
                      </h6>
                    </div>
                  </div>
                </div>
              </div>
              <div
                class="sc-jJoQpE hYOjDQ"
                width="70"
              >
                <div
                  class="sc-bBHwJV kXmoUd"
                >
                  <div>
                    <h6
                      class="MuiTypography-root sc-jrQzUz EJbHG MuiTypography-body1"
                    >
                      TITLE C
                    </h6>
                    <div
                      class="sc-iwjezw hwFGdy"
                    >
                      <h6
                        class="MuiTypography-root sc-jrQzUz prRFo MuiTypography-body1"
                      >
                        £70.00
                      </h6>
                    </div>
                  </div>
                </div>
              </div>
            </div>
          </div>
        </div>
      </div>
    </body>,
    "container": <div>
      <div
        class="sc-lcequs jWiuCR"
      >
        <div
          class="MuiBox-root MuiBox-root-1"
        >
          <span
            class="MuiTypography-root sc-jrQzUz jCZfJK MuiTypography-body1"
          >
            Main title
            : 
          </span>
          <span
            class="MuiTypography-root sc-jrQzUz UTINV MuiTypography-body1"
          >
            £100
          </span>
        </div>
        <div
          class="MuiBox-root MuiBox-root-2"
        >
          <div
            aria-valuenow="110.00000000000001"
            class="sc-iCfLBT fLrhme"
            role="progressbar"
          >
            <div
              class="sc-pVTma kWowoK"
            />
            <div
              class="sc-furvIG erDLzm"
            />
            <div
              class="sc-furvIG iDqOBC"
            />
            <div
              class="sc-furvIG avoAJ"
            />
          </div>
          <div
            class="MuiBox-root MuiBox-root-3"
            data-testid="Spacer"
          />
          <div
            class="sc-ikJzcn gZHwkl"
          >
            <div
              class="sc-jJoQpE isypUD"
              width="10"
            >
              <div
                class="sc-bBHwJV kXmoUd"
              >
                <div>
                  <h6
                    class="MuiTypography-root sc-jrQzUz EJbHG MuiTypography-body1"
                  >
                    TITLE A
                  </h6>
                  <div
                    class="sc-iwjezw hwFGdy"
                  >
                    <h6
                      class="MuiTypography-root sc-jrQzUz prRFo MuiTypography-body1"
                    >
                      £10.00
                    </h6>
                  </div>
                </div>
              </div>
            </div>
            <div
              class="sc-jJoQpE bmnsXL"
              width="30"
            >
              <div
                class="sc-bBHwJV kXmoUd"
              >
                <div>
                  <h6
                    class="MuiTypography-root sc-jrQzUz EJbHG MuiTypography-body1"
                  >
                    TITLE B
                  </h6>
                  <div
                    class="sc-iwjezw hwFGdy"
                  >
                    <h6
                      class="MuiTypography-root sc-jrQzUz prRFo MuiTypography-body1"
                    >
                      £30.00
                    </h6>
                  </div>
                </div>
              </div>
            </div>
            <div
              class="sc-jJoQpE hYOjDQ"
              width="70"
            >
              <div
                class="sc-bBHwJV kXmoUd"
              >
                <div>
                  <h6
                    class="MuiTypography-root sc-jrQzUz EJbHG MuiTypography-body1"
                  >
                    TITLE C
                  </h6>
                  <div
                    class="sc-iwjezw hwFGdy"
                  >
                    <h6
                      class="MuiTypography-root sc-jrQzUz prRFo MuiTypography-body1"
                    >
                      £70.00
                    </h6>
                  </div>
                </div>
              </div>
            </div>
          </div>
        </div>
      </div>
    </div>,
    "debug": [Function],
    "findAllByAltText": [Function],
    "findAllByDisplayValue": [Function],
    "findAllByLabelText": [Function],
    "findAllByPlaceholderText": [Function],
    "findAllByRole": [Function],
    "findAllByTestId": [Function],
    "findAllByText": [Function],
    "findAllByTitle": [Function],
    "findByAltText": [Function],
    "findByDisplayValue": [Function],
    "findByLabelText": [Function],
    "findByPlaceholderText": [Function],
    "findByRole": [Function],
    "findByTestId": [Function],
    "findByText": [Function],
    "findByTitle": [Function],
    "getAllByAltText": [Function],
    "getAllByDisplayValue": [Function],
    "getAllByLabelText": [Function],
    "getAllByPlaceholderText": [Function],
    "getAllByRole": [Function],
    "getAllByTestId": [Function],
    "getAllByText": [Function],
    "getAllByTitle": [Function],
    "getByAltText": [Function],
    "getByDisplayValue": [Function],
    "getByLabelText": [Function],
    "getByPlaceholderText": [Function],
    "getByRole": [Function],
    "getByTestId": [Function],
    "getByText": [Function],
    "getByTitle": [Function],
    "queryAllByAltText": [Function],
    "queryAllByDisplayValue": [Function],
    "queryAllByLabelText": [Function],
    "queryAllByPlaceholderText": [Function],
    "queryAllByRole": [Function],
    "queryAllByTestId": [Function],
    "queryAllByText": [Function],
    "queryAllByTitle": [Function],
    "queryByAltText": [Function],
    "queryByDisplayValue": [Function],
    "queryByLabelText": [Function],
    "queryByPlaceholderText": [Function],
    "queryByRole": [Function],
    "queryByTestId": [Function],
    "queryByText": [Function],
    "queryByTitle": [Function],
    "rerender": [Function],
    "unmount": [Function],
  },
}
`;
