// Jest Snapshot v1, https://goo.gl/fbAQLP

exports[`GoalTrackingCardContent  matches snapshot 1`] = `
Object {
  "result": Object {
    "asFragment": [Function],
    "baseElement": .c5 {
  position: relative;
  width: 100%;
  height: 2.375rem;
  border-radius: 6px;
  overflow: hidden;
  background: #fff;
}

.c7 {
  position: absolute;
  top: 0;
  left: 0;
  height: 2.375rem;
  width: 75%;
  border-radius: 6px;
  background: #a5f2ec;
  -webkit-animation: jbfzvH 1s ease-out;
  animation: jbfzvH 1s ease-out;
  z-index: 1;
}

.c8 {
  position: absolute;
  top: 0;
  left: 0;
  height: 2.375rem;
  width: 70%;
  border-radius: 6px;
  background: linear-gradient(to left,#00e8d9,#00c4bd 50%);
  -webkit-animation: jZJhoi 1s ease-out;
  animation: jZJhoi 1s ease-out;
  z-index: 1;
}

.c9 {
  position: absolute;
  top: 0;
  left: 0;
  height: 2.375rem;
  width: 20%;
  border-radius: 6px;
  background: #009492;
  -webkit-animation: gDKouL 1s ease-out;
  animation: gDKouL 1s ease-out;
  z-index: 1;
}

.c6 {
  position: absolute;
  top: 0;
  left: 0;
  height: 100%;
  width: 100%;
  border-radius: 6px;
  border: 2px dashed #ebb300;
}

.c1 {
  font-size: 1.75rem;
  line-height: 2rem;
  -webkit-letter-spacing: 0.025rem;
  -moz-letter-spacing: 0.025rem;
  -ms-letter-spacing: 0.025rem;
  letter-spacing: 0.025rem;
  font-weight: 900;
  color: #380c57;
  white-space: normal;
}

.c2 {
  font-size: 0.875rem;
  line-height: 1rem;
  -webkit-letter-spacing: 0.01875rem;
  -moz-letter-spacing: 0.01875rem;
  -ms-letter-spacing: 0.01875rem;
  letter-spacing: 0.01875rem;
  font-weight: bold;
  color: #6a6775;
  white-space: normal;
}

.c3 {
  font-size: 0.75rem;
  line-height: 1rem;
  -webkit-letter-spacing: 0.01875rem;
  -moz-letter-spacing: 0.01875rem;
  -ms-letter-spacing: 0.01875rem;
  letter-spacing: 0.01875rem;
  font-weight: normal;
  color: #6a6775;
  white-space: normal;
}

.c13 {
  font-size: 0.75rem;
  line-height: 1rem;
  -webkit-letter-spacing: 0.01875rem;
  -moz-letter-spacing: 0.01875rem;
  -ms-letter-spacing: 0.01875rem;
  letter-spacing: 0.01875rem;
  font-weight: bold;
  color: #6a6775;
  white-space: nowrap;
}

.c15 {
  font-size: 0.75rem;
  line-height: 1rem;
  -webkit-letter-spacing: 0.01875rem;
  -moz-letter-spacing: 0.01875rem;
  -ms-letter-spacing: 0.01875rem;
  letter-spacing: 0.01875rem;
  font-weight: bold;
  color: #380c57;
  white-space: nowrap;
}

.c18 {
  background-color: #eeedfc;
  width: 100%;
  height: 2px;
  border-radius: 1.5px;
}

.c4 {
  vertical-align: sub;
  color: #aeaabf;
}

.c12 {
  display: -webkit-box;
  display: -webkit-flex;
  display: -ms-flexbox;
  display: flex;
  gap: 8px;
  -webkit-align-items: center;
  -webkit-box-align: center;
  -ms-flex-align: center;
  align-items: center;
}

.c14 {
  display: -webkit-box;
  display: -webkit-flex;
  display: -ms-flexbox;
  display: flex;
  -webkit-align-items: center;
  -webkit-box-align: center;
  -ms-flex-align: center;
  align-items: center;
  -webkit-flex-direction: row;
  -ms-flex-direction: row;
  flex-direction: row;
}

.c10 {
  position: relative;
  display: -webkit-box;
  display: -webkit-flex;
  display: -ms-flexbox;
  display: flex;
  -webkit-flex-direction: row;
  -ms-flex-direction: row;
  flex-direction: row;
  width: 100%;
  overflow: hidden;
}

.c11 {
  min-width: 110px;
  max-width: 50%;
  width: 20%;
  -webkit-animation: gDKouL 1s ease-out;
  animation: gDKouL 1s ease-out;
  z-index: 1;
}

.c16 {
  min-width: 110px;
  max-width: 50%;
  width: 50%;
  -webkit-animation: bDhWlw 1s ease-out;
  animation: bDhWlw 1s ease-out;
  z-index: 1;
}

.c17 {
  min-width: 110px;
  max-width: 50%;
  width: 5%;
  -webkit-animation: dvwyrU 1s ease-out;
  animation: dvwyrU 1s ease-out;
  z-index: 1;
}

.c0.MuiCardContent-root:last-child {
  padding-bottom: 0;
}

<body>
      <div>
        <div
          class="MuiPaper-root MuiCard-root MuiPaper-outlined MuiPaper-rounded"
        >
          <div
            class="MuiCardContent-root c0"
          >
            <div
              class="MuiGrid-root MuiGrid-container MuiGrid-direction-xs-column"
            >
              <div
                class="MuiGrid-root MuiGrid-container MuiGrid-spacing-xs-2 MuiGrid-item MuiGrid-wrap-xs-nowrap MuiGrid-grid-xs-12"
              >
                <div
                  class="MuiGrid-root MuiGrid-item"
                >
                  <svg
                    aria-hidden="true"
                    class="MuiSvgIcon-root MuiSvgIcon-colorSecondary"
                    focusable="false"
                    viewBox="0 0 24 24"
                  >
                    <path
                      d="M12 21c4.97 0 9-4.03 9-9s-4.03-9-9-9-9 4.03-9 9 4.03 9 9 9zm0-2c-3.866 0-7-3.134-7-7s3.134-7 7-7 7 3.134 7 7-3.134 7-7 7zm0-10c.552 0 1-.448 1-1s-.448-1-1-1-1 .448-1 1 .448 1 1 1zm0 8.3c.515 0 .94-.31.994-.898l.006-.13V11.4c0-.673-.448-1.101-1-1.101-.515 0-.94.373-.994.97L11 11.4v4.872c0 .672.448 1.028 1 1.028z"
                    />
                  </svg>
                </div>
                <div
                  class="MuiGrid-root MuiGrid-container MuiGrid-item MuiGrid-direction-xs-column MuiGrid-grid-xs-12"
                >
                  <div
                    class="MuiGrid-root MuiGrid-container MuiGrid-item MuiGrid-align-items-xs-center"
                  >
                    <div
                      class="MuiBox-root MuiBox-root-1"
                      data-testid="Spacer"
                    />
                    <h3
                      class="MuiTypography-root c1 MuiTypography-body1"
                    >
                      £1,172,000
                    </h3>
                    <span>
                        /  
                    </span>
                    <h6
                      class="MuiTypography-root c2 MuiTypography-body1"
                    >
                      £1,227,000
                    </h6>
                  </div>
                  <div
                    class="MuiBox-root MuiBox-root-2"
                    data-testid="Spacer"
                  />
                  <div
                    class="MuiGrid-root MuiGrid-container MuiGrid-item MuiGrid-align-items-xs-center"
                  >
                    <div
                      class="MuiBox-root MuiBox-root-3"
                      data-testid="Spacer"
                    />
                    <div
                      class="MuiTypography-root c3 MuiTypography-body1"
                    >
                      You're on track to have
                       
                      72%
                       of your target. That's a 
                      shortfall
                       of
                       
                      £55,000
                      .
                      <div
                        class="MuiBox-root MuiBox-root-4"
                        data-testid="Spacer"
                      />
                      <span
                        class="c4"
                        title="Some description"
                      >
                        <svg
                          aria-hidden="true"
                          aria-label="more information"
                          class="MuiSvgIcon-root MuiSvgIcon-fontSizeInherit"
                          focusable="false"
                          viewBox="0 0 24 24"
                        >
                          <path
                            d="M12 21c4.97 0 9-4.03 9-9s-4.03-9-9-9-9 4.03-9 9 4.03 9 9 9zm0-2c-3.866 0-7-3.134-7-7s3.134-7 7-7 7 3.134 7 7-3.134 7-7 7zm0-10c.552 0 1-.448 1-1s-.448-1-1-1-1 .448-1 1 .448 1 1 1zm0 8.3c.515 0 .94-.31.994-.898l.006-.13V11.4c0-.673-.448-1.101-1-1.101-.515 0-.94.373-.994.97L11 11.4v4.872c0 .672.448 1.028 1 1.028z"
                          />
                        </svg>
                      </span>
                    </div>
                  </div>
                  <div
                    class="MuiBox-root MuiBox-root-5"
                    data-testid="Spacer"
                  />
                  <div
                    aria-valuenow="75"
                    class="c5"
                    role="progressbar"
                  >
                    <div
                      class="c6"
                    />
                    <div
                      class="c7"
                    />
                    <div
                      class="c8"
                    />
                    <div
                      class="c9"
                    />
                  </div>
                  <div
                    class="MuiBox-root MuiBox-root-6"
                    data-testid="Spacer"
                  />
                  <div
                    class="c10"
                  >
                    <div
                      class="c11"
                      width="20"
                    >
                      <div
                        class="c12"
                      >
                        <div>
                          <h6
                            class="MuiTypography-root c13 MuiTypography-body1"
                          >
                            LUMP SUM
                          </h6>
                          <div
                            class="c14"
                          >
                            <h6
                              class="MuiTypography-root c15 MuiTypography-body1"
                            >
                              £20,000
                            </h6>
                          </div>
                        </div>
                      </div>
                    </div>
                    <div
                      class="c16"
                      width="50"
                    >
                      <div
                        class="c12"
                      >
                        <div>
                          <h6
                            class="MuiTypography-root c13 MuiTypography-body1"
                          >
                            FROM AGE 67 - 89
                          </h6>
                          <div
                            class="c14"
                          >
                            <h6
                              class="MuiTypography-root c15 MuiTypography-body1"
                            >
                              £1,080,000
                            </h6>
                          </div>
                        </div>
                      </div>
                    </div>
                    <div
                      class="c17"
                      width="5"
                    >
                      <div
                        class="c12"
                      >
                        <div>
                          <h6
                            class="MuiTypography-root c13 MuiTypography-body1"
                          >
                            REMAINING
                          </h6>
                          <div
                            class="c14"
                          >
                            <h6
                              class="MuiTypography-root c15 MuiTypography-body1"
                            >
                              £72,000
                            </h6>
                          </div>
                        </div>
                      </div>
                    </div>
                  </div>
                </div>
              </div>
            </div>
            <div
              class="MuiGrid-root MuiGrid-item MuiGrid-grid-xs-12"
            >
              <div
                class="MuiBox-root MuiBox-root-7"
                data-testid="Spacer"
              />
              <div
                class="MuiBox-root MuiBox-root-8"
                data-testid="Spacer"
              >
                <div
                  class="c18"
                />
              </div>
              <div
                class="MuiBox-root MuiBox-root-9"
                data-testid="Spacer"
              />
            </div>
            <div
              class="MuiGrid-root MuiGrid-item MuiGrid-grid-xs-12"
            >
              <div
                class="MuiGrid-root MuiGrid-container MuiGrid-spacing-xs-2 MuiGrid-wrap-xs-nowrap"
              >
                <div
                  class="MuiGrid-root MuiGrid-item"
                >
                  <div
                    class="MuiBox-root MuiBox-root-10"
                    data-testid="Spacer"
                  />
                </div>
                <div
                  class="MuiGrid-root MuiGrid-container MuiGrid-item MuiGrid-direction-xs-column MuiGrid-grid-xs-12"
                >
                  <div
                    class="MuiTypography-root c3 MuiTypography-body1"
                  >
                    You're likely to have 
                    £2,340
                     to spend each month between ages 
                    67
                     - 
                    89
                    .
                    <div
                      class="MuiBox-root MuiBox-root-11"
                      data-testid="Spacer"
                    />
                    <span
                      class="c4"
                      title="Some description"
                    >
                      <svg
                        aria-hidden="true"
                        aria-label="more information"
                        class="MuiSvgIcon-root MuiSvgIcon-fontSizeInherit"
                        focusable="false"
                        viewBox="0 0 24 24"
                      >
                        <path
                          d="M12 21c4.97 0 9-4.03 9-9s-4.03-9-9-9-9 4.03-9 9 4.03 9 9 9zm0-2c-3.866 0-7-3.134-7-7s3.134-7 7-7 7 3.134 7 7-3.134 7-7 7zm0-10c.552 0 1-.448 1-1s-.448-1-1-1-1 .448-1 1 .448 1 1 1zm0 8.3c.515 0 .94-.31.994-.898l.006-.13V11.4c0-.673-.448-1.101-1-1.101-.515 0-.94.373-.994.97L11 11.4v4.872c0 .672.448 1.028 1 1.028z"
                        />
                      </svg>
                    </span>
                  </div>
                  <div
                    class="MuiBox-root MuiBox-root-12"
                    data-testid="Spacer"
                  />
                </div>
              </div>
            </div>
          </div>
        </div>
      </div>
    </body>,
    "container": <div>
      <div
        class="MuiPaper-root MuiCard-root MuiPaper-outlined MuiPaper-rounded"
      >
        <div
          class="MuiCardContent-root sc-jUfyBS jhIivV"
        >
          <div
            class="MuiGrid-root MuiGrid-container MuiGrid-direction-xs-column"
          >
            <div
              class="MuiGrid-root MuiGrid-container MuiGrid-spacing-xs-2 MuiGrid-item MuiGrid-wrap-xs-nowrap MuiGrid-grid-xs-12"
            >
              <div
                class="MuiGrid-root MuiGrid-item"
              >
                <svg
                  aria-hidden="true"
                  class="MuiSvgIcon-root MuiSvgIcon-colorSecondary"
                  focusable="false"
                  viewBox="0 0 24 24"
                >
                  <path
                    d="M12 21c4.97 0 9-4.03 9-9s-4.03-9-9-9-9 4.03-9 9 4.03 9 9 9zm0-2c-3.866 0-7-3.134-7-7s3.134-7 7-7 7 3.134 7 7-3.134 7-7 7zm0-10c.552 0 1-.448 1-1s-.448-1-1-1-1 .448-1 1 .448 1 1 1zm0 8.3c.515 0 .94-.31.994-.898l.006-.13V11.4c0-.673-.448-1.101-1-1.101-.515 0-.94.373-.994.97L11 11.4v4.872c0 .672.448 1.028 1 1.028z"
                  />
                </svg>
              </div>
              <div
                class="MuiGrid-root MuiGrid-container MuiGrid-item MuiGrid-direction-xs-column MuiGrid-grid-xs-12"
              >
                <div
                  class="MuiGrid-root MuiGrid-container MuiGrid-item MuiGrid-align-items-xs-center"
                >
                  <div
                    class="MuiBox-root MuiBox-root-1"
                    data-testid="Spacer"
                  />
                  <h3
                    class="MuiTypography-root sc-jrsJWt cVvHck MuiTypography-body1"
                  >
                    £1,172,000
                  </h3>
                  <span>
                      /  
                  </span>
                  <h6
                    class="MuiTypography-root sc-jrsJWt EphFk MuiTypography-body1"
                  >
                    £1,227,000
                  </h6>
                </div>
                <div
                  class="MuiBox-root MuiBox-root-2"
                  data-testid="Spacer"
                />
                <div
                  class="MuiGrid-root MuiGrid-container MuiGrid-item MuiGrid-align-items-xs-center"
                >
                  <div
                    class="MuiBox-root MuiBox-root-3"
                    data-testid="Spacer"
                  />
                  <div
                    class="MuiTypography-root sc-jrsJWt bOAEnK MuiTypography-body1"
                  >
                    You're on track to have
                     
                    72%
                     of your target. That's a 
                    shortfall
                     of
                     
                    £55,000
                    .
                    <div
                      class="MuiBox-root MuiBox-root-4"
                      data-testid="Spacer"
                    />
                    <span
                      class="sc-bYwzuL KuNlK"
                      title="Some description"
                    >
                      <svg
                        aria-hidden="true"
                        aria-label="more information"
                        class="MuiSvgIcon-root MuiSvgIcon-fontSizeInherit"
                        focusable="false"
                        viewBox="0 0 24 24"
                      >
                        <path
                          d="M12 21c4.97 0 9-4.03 9-9s-4.03-9-9-9-9 4.03-9 9 4.03 9 9 9zm0-2c-3.866 0-7-3.134-7-7s3.134-7 7-7 7 3.134 7 7-3.134 7-7 7zm0-10c.552 0 1-.448 1-1s-.448-1-1-1-1 .448-1 1 .448 1 1 1zm0 8.3c.515 0 .94-.31.994-.898l.006-.13V11.4c0-.673-.448-1.101-1-1.101-.515 0-.94.373-.994.97L11 11.4v4.872c0 .672.448 1.028 1 1.028z"
                        />
                      </svg>
                    </span>
                  </div>
                </div>
                <div
                  class="MuiBox-root MuiBox-root-5"
                  data-testid="Spacer"
                />
                <div
                  aria-valuenow="75"
                  class="sc-iCoGMd hiSefx"
                  role="progressbar"
                >
                  <div
                    class="sc-pNWdM dERqcy"
                  />
                  <div
                    class="sc-fujyAs kMeqDE"
                  />
                  <div
                    class="sc-fujyAs daZvg"
                  />
                  <div
                    class="sc-fujyAs hmLVXY"
                  />
                </div>
                <div
                  class="MuiBox-root MuiBox-root-6"
                  data-testid="Spacer"
                />
                <div
                  class="sc-eirqVv iRIrEz"
                >
                  <div
                    class="sc-lbVvki jItzyK"
                    width="20"
                  >
                    <div
                      class="sc-bBjRSN goYPYN"
                    >
                      <div>
                        <h6
                          class="MuiTypography-root sc-jrsJWt eUUvOi MuiTypography-body1"
                        >
                          LUMP SUM
                        </h6>
                        <div
                          class="sc-cOifOu juYHOJ"
                        >
                          <h6
                            class="MuiTypography-root sc-jrsJWt jMfUyw MuiTypography-body1"
                          >
                            £20,000
                          </h6>
                        </div>
                      </div>
                    </div>
                  </div>
                  <div
                    class="sc-lbVvki jGmVNZ"
                    width="50"
                  >
                    <div
                      class="sc-bBjRSN goYPYN"
                    >
                      <div>
                        <h6
                          class="MuiTypography-root sc-jrsJWt eUUvOi MuiTypography-body1"
                        >
                          FROM AGE 67 - 89
                        </h6>
                        <div
                          class="sc-cOifOu juYHOJ"
                        >
                          <h6
                            class="MuiTypography-root sc-jrsJWt jMfUyw MuiTypography-body1"
                          >
                            £1,080,000
                          </h6>
                        </div>
                      </div>
                    </div>
                  </div>
                  <div
                    class="sc-lbVvki fonVuM"
                    width="5"
                  >
                    <div
                      class="sc-bBjRSN goYPYN"
                    >
                      <div>
                        <h6
                          class="MuiTypography-root sc-jrsJWt eUUvOi MuiTypography-body1"
                        >
                          REMAINING
                        </h6>
                        <div
                          class="sc-cOifOu juYHOJ"
                        >
                          <h6
                            class="MuiTypography-root sc-jrsJWt jMfUyw MuiTypography-body1"
                          >
                            £72,000
                          </h6>
                        </div>
                      </div>
                    </div>
                  </div>
                </div>
              </div>
            </div>
          </div>
          <div
            class="MuiGrid-root MuiGrid-item MuiGrid-grid-xs-12"
          >
            <div
              class="MuiBox-root MuiBox-root-7"
              data-testid="Spacer"
            />
            <div
              class="MuiBox-root MuiBox-root-8"
              data-testid="Spacer"
            >
              <div
                class="sc-iqAclL eOidBS"
              />
            </div>
            <div
              class="MuiBox-root MuiBox-root-9"
              data-testid="Spacer"
            />
          </div>
          <div
            class="MuiGrid-root MuiGrid-item MuiGrid-grid-xs-12"
          >
            <div
              class="MuiGrid-root MuiGrid-container MuiGrid-spacing-xs-2 MuiGrid-wrap-xs-nowrap"
            >
              <div
                class="MuiGrid-root MuiGrid-item"
              >
                <div
                  class="MuiBox-root MuiBox-root-10"
                  data-testid="Spacer"
                />
              </div>
              <div
                class="MuiGrid-root MuiGrid-container MuiGrid-item MuiGrid-direction-xs-column MuiGrid-grid-xs-12"
              >
                <div
                  class="MuiTypography-root sc-jrsJWt bOAEnK MuiTypography-body1"
                >
                  You're likely to have 
                  £2,340
                   to spend each month between ages 
                  67
                   - 
                  89
                  .
                  <div
                    class="MuiBox-root MuiBox-root-11"
                    data-testid="Spacer"
                  />
                  <span
                    class="sc-bYwzuL KuNlK"
                    title="Some description"
                  >
                    <svg
                      aria-hidden="true"
                      aria-label="more information"
                      class="MuiSvgIcon-root MuiSvgIcon-fontSizeInherit"
                      focusable="false"
                      viewBox="0 0 24 24"
                    >
                      <path
                        d="M12 21c4.97 0 9-4.03 9-9s-4.03-9-9-9-9 4.03-9 9 4.03 9 9 9zm0-2c-3.866 0-7-3.134-7-7s3.134-7 7-7 7 3.134 7 7-3.134 7-7 7zm0-10c.552 0 1-.448 1-1s-.448-1-1-1-1 .448-1 1 .448 1 1 1zm0 8.3c.515 0 .94-.31.994-.898l.006-.13V11.4c0-.673-.448-1.101-1-1.101-.515 0-.94.373-.994.97L11 11.4v4.872c0 .672.448 1.028 1 1.028z"
                      />
                    </svg>
                  </span>
                </div>
                <div
                  class="MuiBox-root MuiBox-root-12"
                  data-testid="Spacer"
                />
              </div>
            </div>
          </div>
        </div>
      </div>
    </div>,
    "debug": [Function],
    "findAllByAltText": [Function],
    "findAllByDisplayValue": [Function],
    "findAllByLabelText": [Function],
    "findAllByPlaceholderText": [Function],
    "findAllByRole": [Function],
    "findAllByTestId": [Function],
    "findAllByText": [Function],
    "findAllByTitle": [Function],
    "findByAltText": [Function],
    "findByDisplayValue": [Function],
    "findByLabelText": [Function],
    "findByPlaceholderText": [Function],
    "findByRole": [Function],
    "findByTestId": [Function],
    "findByText": [Function],
    "findByTitle": [Function],
    "getAllByAltText": [Function],
    "getAllByDisplayValue": [Function],
    "getAllByLabelText": [Function],
    "getAllByPlaceholderText": [Function],
    "getAllByRole": [Function],
    "getAllByTestId": [Function],
    "getAllByText": [Function],
    "getAllByTitle": [Function],
    "getByAltText": [Function],
    "getByDisplayValue": [Function],
    "getByLabelText": [Function],
    "getByPlaceholderText": [Function],
    "getByRole": [Function],
    "getByTestId": [Function],
    "getByText": [Function],
    "getByTitle": [Function],
    "queryAllByAltText": [Function],
    "queryAllByDisplayValue": [Function],
    "queryAllByLabelText": [Function],
    "queryAllByPlaceholderText": [Function],
    "queryAllByRole": [Function],
    "queryAllByTestId": [Function],
    "queryAllByText": [Function],
    "queryAllByTitle": [Function],
    "queryByAltText": [Function],
    "queryByDisplayValue": [Function],
    "queryByLabelText": [Function],
    "queryByPlaceholderText": [Function],
    "queryByRole": [Function],
    "queryByTestId": [Function],
    "queryByText": [Function],
    "queryByTitle": [Function],
    "rerender": [Function],
    "unmount": [Function],
  },
}
`;
